// Jest Snapshot v1, https://goo.gl/fbAQLP

exports[`Logo Component matches snapshot 1`] = `
<DocumentFragment>
  <div
    class="logo"
  >
    Spoonacular Recipe Client
  </div>
</DocumentFragment>
`;
